// Jest Snapshot v1, https://goo.gl/fbAQLP

exports[`Es hora de las instantaneas Siempre fallará la instantanea 1`] = `
Object {
  "createdAt": 2021-07-21T22:37:09.601Z,
  "id": 10,
}
`;

exports[`Es hora de las instantaneas Snapshot 1`] = `
Object {
  "gender": "Male",
  "id": 1,
  "name": "Rick Sanchez",
  "status": "Alive",
}
`;

exports[`Es hora de las instantaneas Tenemos una excepcion dentro del código 1`] = `
Object {
  "id": Any<Number>,
  "name": "Luis Porras",
}
`;
